// Jest Snapshot v1, https://goo.gl/fbAQLP

exports[`Header Component should render correctly 1`] = `
Object {
  "asFragment": [Function],
  "baseElement": .emotion-1 {
  background-color: #2470d8;
  grid-area: 'header';
  display: -webkit-box;
  display: -webkit-flex;
  display: -ms-flexbox;
  display: flex;
  -webkit-box-pack: center;
  -webkit-justify-content: center;
  -ms-flex-pack: center;
  justify-content: center;
  -webkit-align-items: center;
  -webkit-box-align: center;
  -ms-flex-align: center;
  align-items: center;
  -webkit-flex-direction: column;
  -ms-flex-direction: column;
  flex-direction: column;
}

.emotion-1 h1 {
  font-size: 2.5em;
  color: #FFFFFF;
  font-weight: 400;
}

.emotion-0 {
  width: 351px;
  height: 44px;
  border-radius: 4px;
  border: none;
  font-size: 1em;
  line-height: 25px;
  background-image: url();
  background-repeat: no-repeat;
  background-position: 7px;
  padding-left: 30px;
  padding-right: 10px;
}

<body>
    <div>
      <div
        class="emotion-1"
      >
        <h1>
          Find a restaurant
        </h1>
        <form
          role="search"
        >
          <input
            class="emotion-0"
            placeholder="Type a name of restaurant..."
            type="search"
          />
        </form>
      </div>
    </div>
  </body>,
  "container": <div>
    <div
      class="css-1jhrc66"
    >
      <h1>
        Find a restaurant
      </h1>
      <form
        role="search"
      >
        <input
          class="css-1ckarqe"
          placeholder="Type a name of restaurant..."
          type="search"
        />
      </form>
    </div>
  </div>,
  "debug": [Function],
  "getAllByAltText": [Function],
  "getAllByLabelText": [Function],
  "getAllByPlaceholderText": [Function],
  "getAllByRole": [Function],
  "getAllBySelectText": [Function],
  "getAllByTestId": [Function],
  "getAllByText": [Function],
  "getAllByTitle": [Function],
  "getAllByValue": [Function],
  "getByAltText": [Function],
  "getByLabelText": [Function],
  "getByPlaceholderText": [Function],
  "getByRole": [Function],
  "getBySelectText": [Function],
  "getByTestId": [Function],
  "getByText": [Function],
  "getByTitle": [Function],
  "getByValue": [Function],
  "queryAllByAltText": [Function],
  "queryAllByLabelText": [Function],
  "queryAllByPlaceholderText": [Function],
  "queryAllByRole": [Function],
  "queryAllBySelectText": [Function],
  "queryAllByTestId": [Function],
  "queryAllByText": [Function],
  "queryAllByTitle": [Function],
  "queryAllByValue": [Function],
  "queryByAltText": [Function],
  "queryByLabelText": [Function],
  "queryByPlaceholderText": [Function],
  "queryByRole": [Function],
  "queryBySelectText": [Function],
  "queryByTestId": [Function],
  "queryByText": [Function],
  "queryByTitle": [Function],
  "queryByValue": [Function],
  "rerender": [Function],
  "unmount": [Function],
}
`;
